
> truely-collectables@0.1.0 build
> next build --webpack

⚠ No build cache found. Please configure build caching for faster rebuilds. Read more: https://nextjs.org/docs/messages/no-cache
Attention: Next.js now collects completely anonymous telemetry regarding usage.
This information is used to shape Next.js' roadmap and prioritize features.
You can learn more, including how to opt-out if you'd not like to participate in this anonymous program, by visiting the following URL:
https://nextjs.org/telemetry

▲ Next.js 16.2.10 (webpack)

  Creating an optimized production build ...
✓ Compiled successfully in 26.7s
  Running TypeScript ...
  Finished TypeScript in 38.3s ...
  Collecting page data using 3 workers ...
Error: Missing Supabase environment variables
    at 4823 (.next/server/chunks/9253.js:1:216)
    at g (.next/server/webpack-runtime.js:1:136)
    at 69253 (.next/server/chunks/9253.js:1:9552)
    at g (.next/server/webpack-runtime.js:1:136)
    at 96810 (.next/server/app/sitemap.xml/route.js:16:229)
    at g (.next/server/webpack-runtime.js:1:136)
    at 41887 (.next/server/app/sitemap.xml/route.js:1:1683)
    at g (.next/server/webpack-runtime.js:1:136)
    at <unknown> (.next/server/app/sitemap.xml/route.js:16:437)
    at g.X (.next/server/webpack-runtime.js:1:1189)

> Build error occurred
Error: Failed to collect page data for /sitemap.xml
    at ignore-listed frames {
  type: 'Error'
}
