{
  "auditVersion": 3,
  "generatedAt": "2026-08-11T21:25:34.448Z",
  "activeProducts": 872,
  "inventoryItems": 7836,
  "currentCounts": {
    "autograph": 233,
    "memorabilia": 93,
    "rookie": 124,
    "graded": 53,
    "numbered": 445
  },
  "strictCounts": {
    "autograph": 233,
    "memorabilia": 94,
    "rookie": 124,
    "graded": 53,
    "numbered": 445
  },
  "falsePositiveCounts": {
    "autograph": 0,
    "memorabilia": 0,
    "rookie": 0,
    "graded": 0,
    "numbered": 0
  },
  "falseNegativeCounts": {
    "autograph": 0,
    "memorabilia": 1,
    "rookie": 0,
    "graded": 0,
    "numbered": 0
  },
  "sectionCounts": {
    "Hockey": 374,
    "Baseball": 165,
    "Trading Card Games": 96,
    "NBA": 78,
    "Football": 69,
    "WNBA": 52,
    "Golf": 13,
    "Wrestling": 4,
    "Pucks": 4,
    "Poker": 2,
    "MMA / UFC": 2,
    "Racing / NASCAR": 2,
    "Watches & Accessories": 2,
    "Needs Review": 2,
    "Skateboarding": 1,
    "Soccer": 1,
    "Signs & Display": 1,
    "Entertainment & Pop Culture": 1,
    "Photos & Prints": 1,
    "Music": 1,
    "Pins & Souvenirs": 1
  },
  "needsReviewCount": 2,
  "sectionSuspectCount": 1,
  "needsReview": [
    {
      "id": 502329,
      "ebayItemId": "318657213741",
      "title": "2023-24 Artifacts MacKinnon Makar Tundra Teammates Duos Premium /15",
      "section": "Needs Review",
      "primaryCategory": "other_collectable",
      "autographedAspect": null,
      "signedBy": null,
      "autographAuthentication": null,
      "gradedAspect": null,
      "professionalGrader": null,
      "featuresAspect": null,
      "parallelAspect": null
    },
    {
      "id": 502332,
      "ebayItemId": "318657213739",
      "title": "2025-26 Ultimate Stuart Skinner Ultimate Materials Signatures Auto /35",
      "section": "Needs Review",
      "primaryCategory": "other_collectable",
      "autographedAspect": null,
      "signedBy": null,
      "autographAuthentication": null,
      "gradedAspect": null,
      "professionalGrader": null,
      "featuresAspect": null,
      "parallelAspect": null
    }
  ],
  "sectionSuspects": [
    {
      "id": 1691,
      "ebayItemId": "318109806177",
      "title": "2025-26 SP Game Used Devon Toews 2025 4 Nations Face-Off Fabrics Auto Jersey",
      "section": "Hockey",
      "primaryCategory": "memorabilia",
      "autographedAspect": null,
      "signedBy": null,
      "autographAuthentication": null,
      "gradedAspect": null,
      "professionalGrader": null,
      "featuresAspect": null,
      "parallelAspect": null,
      "expectedObjectSection": "Jerseys"
    }
  ],
  "falsePositives": {
    "autograph": [],
    "memorabilia": [],
    "rookie": [],
    "graded": [],
    "numbered": []
  },
  "falseNegatives": {
    "autograph": [],
    "memorabilia": [
      {
        "id": 502332,
        "ebayItemId": "318657213739",
        "title": "2025-26 Ultimate Stuart Skinner Ultimate Materials Signatures Auto /35",
        "section": "Needs Review",
        "primaryCategory": "other_collectable",
        "autographedAspect": null,
        "signedBy": null,
        "autographAuthentication": null,
        "gradedAspect": null,
        "professionalGrader": null,
        "featuresAspect": null,
        "parallelAspect": null
      }
    ],
    "rookie": [],
    "graded": [],
    "numbered": []
  }
}
